
PC@DJOISLAV MINGW64 ~/Desktop/bootcampVezbanje (main)
$ git pull
remote: Enumerating objects: 4, done.
remote: Counting objects: 100% (4/4), done.
remote: Compressing objects: 100% (2/2), done.
remote: Total 3 (delta 0), reused 0 (delta 0), pack-reused 0
Unpacking objects: 100% (3/3), 710 bytes | 37.00 KiB/s, done.
From https://github.com/djoislav/bootcampVezbanje
   0e87905..7aa3f47  main       -> origin/main
Updating 0e87905..7aa3f47
Fast-forward
 vezba1.txt | 1 +
 1 file changed, 1 insertion(+)
 create mode 100644 vezba1.txt

PC@DJOISLAV MINGW64 ~/Desktop/bootcampVezbanje (main)
$ git push -u origin main
Everything up-to-date
Branch 'main' set up to track remote branch 'main' from 'origin'.

PC@DJOISLAV MINGW64 ~/Desktop/bootcampVezbanje (main)
$ git status
On branch main
Your branch is up to date with 'origin/main'.

Changes not staged for commit:
  (use "git add <file>..." to update what will be committed)
  (use "git restore <file>..." to discard changes in working directory)
        modified:   vezba1.txt

Untracked files:
  (use "git add <file>..." to include in what will be committed)
        main

no changes added to commit (use "git add" and/or "git commit -a")

PC@DJOISLAV MINGW64 ~/Desktop/bootcampVezbanje (main)
$ git add vezba1.txt

PC@DJOISLAV MINGW64 ~/Desktop/bootcampVezbanje (main)
$ git status
On branch main
Your branch is up to date with 'origin/main'.

Changes to be committed:
  (use "git restore --staged <file>..." to unstage)
        modified:   vezba1.txt

Untracked files:
  (use "git add <file>..." to include in what will be committed)
        main


PC@DJOISLAV MINGW64 ~/Desktop/bootcampVezbanje (main)
$ git commit -m "Izmenjen fajl vezba1.txt"
[main 73af1a7] Izmenjen fajl vezba1.txt
 1 file changed, 1 insertion(+)

PC@DJOISLAV MINGW64 ~/Desktop/bootcampVezbanje (main)
$ git push -u origin main
Enumerating objects: 5, done.
Counting objects: 100% (5/5), done.
Delta compression using up to 4 threads
Compressing objects: 100% (2/2), done.
Writing objects: 100% (3/3), 296 bytes | 296.00 KiB/s, done.
Total 3 (delta 1), reused 0 (delta 0), pack-reused 0
remote: Resolving deltas: 100% (1/1), completed with 1 local object.
To https://github.com/djoislav/bootcampVezbanje.git
   7aa3f47..73af1a7  main -> main
Branch 'main' set up to track remote branch 'main' from 'origin'.
